// Jest Snapshot v1, https://goo.gl/fbAQLP

exports[`It matches snapshot 1`] = `
<DocumentFragment>
  <div
    class="Box"
    id="1"
    style="background-color: teal; width: 50px; height: 50px;"
  >
    <button>
      X
    </button>
  </div>
</DocumentFragment>
`;
